[headline] model=tinystories n=1000 ctx=16 P_grid=[128, 160, 192] P_max=256 jobs=6
[headline] prereg_ref=c42281fd7a091b67deae15e1bd19dea58146f2e2b76422ecfa75ccf215134be9
[headline] weights=/Users/briannaughton/maths_problems/certified-inference/data/hf_cache/models--roneneldan--TinyStories-1M/snapshots/77f1b168e219585646439073245fe87e56b3023e/pytorch_model.bin
[headline] out=certificates/headline-r2/tinystories-headline.cert.jsonl
  [  25/1000] k(phi1)=25 k_joint=25 elapsed=220s eta=8564s
  [  50/1000] k(phi1)=50 k_joint=50 elapsed=402s eta=7630s
  [  75/1000] k(phi1)=75 k_joint=75 elapsed=577s eta=7116s
  [ 100/1000] k(phi1)=100 k_joint=100 elapsed=749s eta=6739s
  [ 125/1000] k(phi1)=125 k_joint=125 elapsed=923s eta=6462s
  [ 150/1000] k(phi1)=150 k_joint=150 elapsed=1110s eta=6291s
  [ 175/1000] k(phi1)=175 k_joint=175 elapsed=1312s eta=6185s
  [ 200/1000] k(phi1)=200 k_joint=200 elapsed=1493s eta=5973s
  [ 225/1000] k(phi1)=225 k_joint=225 elapsed=1668s eta=5747s
  [ 250/1000] k(phi1)=250 k_joint=250 elapsed=1848s eta=5544s
  [ 275/1000] k(phi1)=275 k_joint=275 elapsed=2031s eta=5353s
  [ 300/1000] k(phi1)=300 k_joint=300 elapsed=2245s eta=5238s
  [ 325/1000] k(phi1)=325 k_joint=325 elapsed=2430s eta=5046s
  [ 350/1000] k(phi1)=350 k_joint=350 elapsed=2619s eta=4864s
  [ 375/1000] k(phi1)=375 k_joint=375 elapsed=2801s eta=4669s
  [ 400/1000] k(phi1)=400 k_joint=400 elapsed=2991s eta=4487s
  [ 425/1000] k(phi1)=425 k_joint=425 elapsed=3184s eta=4308s
  [ 450/1000] k(phi1)=450 k_joint=450 elapsed=3412s eta=4170s
  [ 475/1000] k(phi1)=475 k_joint=475 elapsed=3624s eta=4005s
  [ 500/1000] k(phi1)=500 k_joint=500 elapsed=3820s eta=3820s
  [ 525/1000] k(phi1)=525 k_joint=525 elapsed=4025s eta=3641s
  [ 550/1000] k(phi1)=550 k_joint=550 elapsed=4225s eta=3456s
  [ 575/1000] k(phi1)=575 k_joint=575 elapsed=4434s eta=3277s
  [ 600/1000] k(phi1)=600 k_joint=600 elapsed=4645s eta=3097s
  [ 625/1000] k(phi1)=625 k_joint=625 elapsed=4848s eta=2909s
  [ 650/1000] k(phi1)=650 k_joint=650 elapsed=5046s eta=2717s
  [ 675/1000] k(phi1)=675 k_joint=675 elapsed=5247s eta=2526s
  [ 700/1000] k(phi1)=700 k_joint=700 elapsed=5455s eta=2338s
  [ 725/1000] k(phi1)=725 k_joint=725 elapsed=5654s eta=2144s
  [ 750/1000] k(phi1)=750 k_joint=750 elapsed=5865s eta=1955s
  [ 775/1000] k(phi1)=775 k_joint=775 elapsed=6076s eta=1764s
  [ 800/1000] k(phi1)=800 k_joint=800 elapsed=6277s eta=1569s
  [ 825/1000] k(phi1)=825 k_joint=825 elapsed=6490s eta=1377s
  [ 850/1000] k(phi1)=850 k_joint=850 elapsed=6702s eta=1183s
  [ 875/1000] k(phi1)=875 k_joint=875 elapsed=6929s eta=990s
  [ 900/1000] k(phi1)=900 k_joint=900 elapsed=7164s eta=796s
  [ 925/1000] k(phi1)=925 k_joint=925 elapsed=7404s eta=600s
  [ 950/1000] k(phi1)=950 k_joint=950 elapsed=7645s eta=402s
  [ 975/1000] k(phi1)=975 k_joint=975 elapsed=7874s eta=202s
  [1000/1000] k(phi1)=1000 k_joint=1000 elapsed=8110s eta=0s
[headline] DONE n=1000 k(phi1)=1000 k_joint=1000 abstains={} runtime=8111s
[headline] wrote certificates/headline-r2/tinystories-headline.cert.jsonl + certificates/headline-r2/tinystories-headline.cert.meta.json
