=== interval forward: seq_len=8, precision=96 bits ===
[   0.2s] weights converted
[   0.2s] embed                      max_w 0.000e+00  med_w 0.000e+00
[   0.2s] L0.ln_1                    max_w 5.049e-29  med_w 2.524e-29
[   0.3s] L0.attn(pre-proj)          max_w 4.519e-27  med_w 1.641e-27
[   0.3s] L0.resid+attn              max_w 3.597e-27  med_w 2.436e-27
[   0.3s] L0.ln_2                    max_w 1.627e-25  med_w 6.720e-26
[   0.4s] L0.gelu                    max_w 1.263e-25  med_w 5.660e-26
[   0.4s] L0.resid+mlp  [LAYER 0]    max_w 4.029e-25  med_w 2.792e-25
[   0.4s] L1.ln_1                    max_w 2.552e-23  med_w 9.795e-24
[   0.5s] L1.attn(pre-proj)          max_w 3.810e-22  med_w 4.291e-23
[   0.5s] L1.resid+attn              max_w 1.415e-22  med_w 6.426e-23
[   0.5s] L1.ln_2                    max_w 7.524e-21  med_w 2.040e-21
[   0.6s] L1.gelu                    max_w 4.100e-21  med_w 1.471e-21
[   0.6s] L1.resid+mlp  [LAYER 1]    max_w 9.134e-21  med_w 6.036e-21
[   0.6s] L2.ln_1                    max_w 1.007e-18  med_w 2.267e-19
[   0.6s] L2.attn(pre-proj)          max_w 9.245e-17  med_w 8.528e-18
[   0.6s] L2.resid+attn              max_w 4.061e-17  med_w 2.062e-17
[   0.6s] L2.ln_2                    max_w 2.821e-15  med_w 9.669e-16
[   0.7s] L2.gelu                    max_w 2.038e-15  med_w 6.889e-16
[   0.8s] L2.resid+mlp  [LAYER 2]    max_w 4.496e-15  med_w 2.710e-15
[   0.8s] L3.ln_1                    max_w 5.543e-13  med_w 1.487e-13
[   0.8s] L3.attn(pre-proj)          max_w 4.097e-11  med_w 1.942e-12
[   0.8s] L3.resid+attn              max_w 8.539e-12  med_w 3.512e-12
[   0.8s] L3.ln_2                    max_w 9.997e-10  med_w 3.223e-10
[   0.9s] L3.gelu                    max_w 6.854e-10  med_w 2.482e-10
[   0.9s] L3.resid+mlp  [LAYER 3]    max_w 1.620e-09  med_w 9.165e-10
[   0.9s] L4.ln_1                    max_w 3.226e-07  med_w 9.700e-08
[   1.0s] L4.attn(pre-proj)          max_w 7.264e-06  med_w 6.630e-07
[   1.0s] L4.resid+attn              max_w 1.658e-06  med_w 7.718e-07
[   1.0s] L4.ln_2                    max_w 3.374e-04  med_w 9.446e-05
[   1.1s] L4.gelu                    max_w 2.345e-04  med_w 7.183e-05
[   1.1s] L4.resid+mlp  [LAYER 4]    max_w 4.634e-04  med_w 2.405e-04
[   1.1s] L5.ln_1                    max_w 1.163e-01  med_w 3.143e-02
[   1.1s] L5.attn(pre-proj)          max_w 1.258e+00  med_w 1.830e-01
[   1.1s] L5.resid+attn              max_w 4.178e-01  med_w 1.829e-01
[   1.2s] L5.ln_2                    max_w 2.915e+02  med_w 1.389e+02
[   1.2s] L5.gelu                    max_w 4.261e+02  med_w 1.680e+02
[   1.2s] L5.resid+mlp  [LAYER 5]    max_w 1.181e+03  med_w 5.446e+02
[   1.2s] L6.ln_1                    max_w 8.889e+05  med_w 4.399e+05
[   1.3s] L6.attn(pre-proj)          max_w 3.679e+06  med_w 7.422e+05
[   1.3s] L6.resid+attn              max_w 2.708e+06  med_w 5.410e+05
[   1.3s] L6.ln_2                    max_w 2.020e+09  med_w 4.525e+08
[   1.3s] L6.gelu                    max_w 2.865e+09  med_w 5.496e+08
[   1.3s] L6.resid+mlp  [LAYER 6]    max_w 8.649e+09  med_w 1.921e+09
[   1.3s] L7.ln_1                    max_w 6.917e+12  med_w 1.559e+12
[   1.3s] L7.attn(pre-proj)          max_w 2.071e+13  med_w 2.208e+12
[   1.4s] L7.resid+attn              max_w 1.990e+13  med_w 2.010e+12
[   1.4s] L7.ln_2                    max_w 1.432e+16  med_w 1.794e+15
[   1.4s] L7.gelu                    max_w 2.863e+16  med_w 2.713e+15
[   1.4s] L7.resid+mlp  [LAYER 7]    max_w 9.348e+16  med_w 1.043e+16
[   1.4s] ln_f(last pos)             max_w 1.982e+20  med_w 1.640e+20
[   1.6s] 200 logits computed
{
 "chosen": [
  0,
  265,
  530,
  795,
  1060,
  1325,
  1590,
  1855,
  2120,
  2385,
  2576,
  2650,
  2915,
  2933,
  3180,
  3445,
  3710,
  3975,
  4240,
  4505,
  4770,
  5035,
  5300,
  5565,
  5830,
  5916,
  6095,
  6360,
  6512,
  6625,
  6842,
  6890,
  7155,
  7420,
  7685,
  7950,
  8215,
  8480,
  8745,
  9010,
  9275,
  9540,
  9805,
  10070,
  10211,
  10335,
  10600,
  10865,
  11130,
  11395,
  11660,
  11925,
  12190,
  12455,
  12720,
  12985,
  13250,
  13515,
  13780,
  14045,
  14310,
  14575,
  14840,
  15105,
  15370,
  15635,
  15900,
  16165,
  16430,
  16695,
  16960,
  17225,
  17490,
  17755,
  18020,
  18285,
  18550,
  18815,
  19080,
  19345,
  19610,
  19875,
  20140,
  20405,
  20670,
  20935,
  21200,
  21264,
  21465,
  21730,
  21995,
  22045,
  22260,
  22525,
  22746,
  22790,
  23055,
  23320,
  23585,
  23850,
  24115,
  24380,
  24645,
  24910,
  25175,
  25440,
  25705,
  25970,
  26235,
  26500,
  26765,
  27030,
  27295,
  27560,
  27825,
  28090,
  28355,
  28620,
  28885,
  29150,
  29415,
  29680,
  29945,
  30210,
  30475,
  30740,
  31005,
  31270,
  31535,
  31800,
  32065,
  32330,
  32595,
  32860,
  33125,
  33390,
  33655,
  33920,
  34185,
  34450,
  34715,
  34980,
  35245,
  35510,
  35775,
  36040,
  36305,
  36570,
  36835,
  37100,
  37365,
  37630,
  37895,
  38160,
  38425,
  38690,
  38955,
  39220,
  39485,
  39750,
  40015,
  40280,
  40545,
  40810,
  41075,
  41340,
  41605,
  41870,
  42135,
  42400,
  42665,
  42930,
  43195,
  43460,
  43725,
  43990,
  44255,
  44520,
  44785,
  44915,
  45050,
  45315,
  45580,
  45845,
  46110,
  46375,
  46640,
  46905,
  47170,
  47435,
  47700,
  47965,
  48230,
  48495,
  48760,
  49025,
  49290,
  49555,
  49820,
  50085
 ],
 "widths_max": 1.5495478284064672e+21,
 "widths_med": 7.67258897098252e+20,
 "gap_top1_top2": 1.0132480248468099,
 "ratio_maxw_over_gap": 1.5292877858219748e+21,
 "top10": [
  [
   2576,
   17.395560822232284,
   -5.805937820088324e+20,
   5.805937820088059e+20
  ],
  [
   2933,
   16.382312797385474,
   -5.5727902160724715e+20,
   5.572790216072007e+20
  ],
  [
   6512,
   13.342419630246276,
   -5.126823620357221e+20,
   5.126823620356455e+20
  ],
  [
   44915,
   13.22520591061346,
   -4.824192336079033e+20,
   4.8241923360789823e+20
  ],
  [
   6842,
   13.105892518967124,
   -5.017248395348336e+20,
   5.0172483953474444e+20
  ],
  [
   21264,
   12.233295258015378,
   -4.789579507687945e+20,
   4.7895795076873e+20
  ],
  [
   22746,
   12.230464662060516,
   -5.084972929485649e+20,
   5.084972929485036e+20
  ],
  [
   10211,
   11.90862443828933,
   -5.106305197591461e+20,
   5.106305197590282e+20
  ],
  [
   22045,
   11.774325127057015,
   -4.9531899435474885e+20,
   4.9531899435479794e+20
  ],
  [
   5916,
   11.674575481377579,
   -5.296870961313733e+20,
   5.296870961313435e+20
  ]
 ],
 "argmax_certified_among_chosen": false
}
runtime 1.6s
