=== interval forward: seq_len=16, precision=192 bits, n_logits=200 ===
[   0.2s] weights converted
[   0.2s] embed                      max_w 0.000e+00  med_w 0.000e+00
[   0.2s] L0.ln_1                    max_w 6.372e-58  med_w 3.186e-58
[   0.4s] L0.attn(pre-proj)          max_w 1.139e-48  med_w 2.214e-56
[   0.4s] L0.resid+attn              max_w 1.020e-49  med_w 3.218e-56
[   0.4s] L0.ln_2                    max_w 2.512e-48  med_w 9.552e-55
[   0.7s] L0.gelu                    max_w 1.956e-48  med_w 7.800e-55
[   0.8s] L0.resid+mlp  [LAYER 0]    max_w 6.681e-48  med_w 3.797e-54
[   0.8s] L1.ln_1                    max_w 4.423e-46  med_w 1.405e-52
[   1.0s] L1.attn(pre-proj)          max_w 4.026e-45  med_w 9.782e-50
[   1.0s] L1.resid+attn              max_w 1.389e-45  med_w 1.190e-49
[   1.0s] L1.ln_2                    max_w 7.506e-44  med_w 3.968e-48
[   1.3s] L1.gelu                    max_w 3.711e-44  med_w 2.838e-48
[   1.4s] L1.resid+mlp  [LAYER 1]    max_w 9.274e-44  med_w 1.162e-47
[   1.4s] L2.ln_1                    max_w 9.637e-42  med_w 4.570e-46
[   1.6s] L2.attn(pre-proj)          max_w 4.880e-35  med_w 2.716e-44
[   1.6s] L2.resid+attn              max_w 6.705e-36  med_w 6.745e-44
[   1.6s] L2.ln_2                    max_w 3.004e-34  med_w 3.459e-42
[   1.9s] L2.gelu                    max_w 2.660e-34  med_w 2.306e-42
[   2.0s] L2.resid+mlp  [LAYER 2]    max_w 4.464e-34  med_w 8.752e-42
[   2.0s] L3.ln_1                    max_w 5.500e-32  med_w 5.423e-40
[   2.2s] L3.attn(pre-proj)          max_w 1.547e-30  med_w 1.398e-38
[   2.2s] L3.resid+attn              max_w 6.416e-31  med_w 1.690e-38
[   2.2s] L3.ln_2                    max_w 6.087e-29  med_w 1.611e-36
[   2.5s] L3.gelu                    max_w 4.891e-29  med_w 1.154e-36
[   2.5s] L3.resid+mlp  [LAYER 3]    max_w 1.114e-28  med_w 4.283e-36
[   2.5s] L4.ln_1                    max_w 1.938e-26  med_w 4.783e-34
[   2.7s] L4.attn(pre-proj)          max_w 2.979e-25  med_w 5.190e-33
[   2.7s] L4.resid+attn              max_w 6.820e-26  med_w 4.658e-33
[   2.7s] L4.ln_2                    max_w 9.799e-24  med_w 5.931e-31
[   3.0s] L4.gelu                    max_w 8.071e-24  med_w 3.943e-31
[   3.1s] L4.resid+mlp  [LAYER 4]    max_w 1.498e-23  med_w 1.353e-30
[   3.1s] L5.ln_1                    max_w 2.991e-21  med_w 1.883e-28
[   3.3s] L5.attn(pre-proj)          max_w 2.209e-20  med_w 1.322e-27
[   3.3s] L5.resid+attn              max_w 7.292e-21  med_w 1.126e-27
[   3.3s] L5.ln_2                    max_w 1.096e-18  med_w 1.645e-25
[   3.6s] L5.gelu                    max_w 1.091e-18  med_w 1.049e-25
[   3.7s] L5.resid+mlp  [LAYER 5]    max_w 1.704e-18  med_w 3.394e-25
[   3.7s] L6.ln_1                    max_w 3.233e-16  med_w 4.523e-23
[   3.9s] L6.attn(pre-proj)          max_w 8.122e-15  med_w 5.134e-22
[   3.9s] L6.resid+attn              max_w 2.190e-15  med_w 6.258e-22
[   3.9s] L6.ln_2                    max_w 4.204e-13  med_w 1.157e-19
[   4.2s] L6.gelu                    max_w 2.855e-13  med_w 8.042e-20
[   4.3s] L6.resid+mlp  [LAYER 6]    max_w 5.914e-13  med_w 2.940e-19
[   4.3s] L7.ln_1                    max_w 1.184e-10  med_w 4.550e-17
[   4.5s] L7.attn(pre-proj)          max_w 1.405e-09  med_w 3.364e-16
[   4.5s] L7.resid+attn              max_w 6.137e-10  med_w 3.737e-16
[   4.5s] L7.ln_2                    max_w 1.509e-07  med_w 8.287e-14
[   4.8s] L7.gelu                    max_w 1.275e-07  med_w 6.784e-14
[   4.9s] L7.resid+mlp  [LAYER 7]    max_w 3.488e-07  med_w 3.039e-13
[   4.9s] ln_f(last pos)             max_w 2.292e-04  med_w 1.216e-04
[   5.0s] 200 logits computed
{
 "chosen": [
  0,
  257,
  262,
  265,
  281,
  477,
  511,
  530,
  607,
  617,
  734,
  795,
  867,
  1060,
  1325,
  1590,
  1855,
  2120,
  2385,
  2650,
  2915,
  3180,
  3445,
  3710,
  3975,
  4240,
  4505,
  4770,
  5035,
  5300,
  5565,
  5830,
  6041,
  6095,
  6360,
  6625,
  6890,
  7155,
  7420,
  7685,
  7950,
  8215,
  8480,
  8745,
  9010,
  9275,
  9540,
  9805,
  10070,
  10335,
  10600,
  10865,
  11130,
  11395,
  11660,
  11925,
  12190,
  12455,
  12720,
  12985,
  13250,
  13515,
  13780,
  14045,
  14310,
  14575,
  14840,
  15105,
  15370,
  15635,
  15900,
  16165,
  16430,
  16695,
  16960,
  17225,
  17490,
  17755,
  18020,
  18285,
  18550,
  18815,
  19080,
  19345,
  19610,
  19875,
  20140,
  20405,
  20670,
  20935,
  21200,
  21465,
  21730,
  21995,
  22260,
  22525,
  22790,
  23055,
  23320,
  23585,
  23850,
  24115,
  24380,
  24645,
  24910,
  25175,
  25440,
  25705,
  25970,
  26235,
  26500,
  26765,
  27030,
  27295,
  27560,
  27825,
  28090,
  28355,
  28620,
  28885,
  29150,
  29415,
  29680,
  29945,
  30210,
  30475,
  30740,
  31005,
  31270,
  31535,
  31800,
  32065,
  32330,
  32595,
  32860,
  33125,
  33390,
  33655,
  33920,
  34185,
  34450,
  34715,
  34980,
  35245,
  35510,
  35775,
  36040,
  36305,
  36570,
  36835,
  37100,
  37365,
  37630,
  37895,
  38160,
  38425,
  38690,
  38955,
  39220,
  39485,
  39750,
  40015,
  40280,
  40545,
  40810,
  41075,
  41340,
  41605,
  41870,
  42135,
  42400,
  42665,
  42930,
  43195,
  43460,
  43725,
  43990,
  44255,
  44520,
  44785,
  45050,
  45315,
  45580,
  45845,
  46110,
  46375,
  46640,
  46905,
  47170,
  47435,
  47700,
  47965,
  48230,
  48495,
  48760,
  49025,
  49290,
  49555,
  49820,
  50085
 ],
 "widths_max": 0.001187525087385204,
 "widths_med": 0.000601918151153513,
 "gap_top1_top2": 0.1356022659855345,
 "ratio_maxw_over_gap": 0.008757413298033562,
 "top10": [
  [
   257,
   15.852193137029225,
   15.851762029450974,
   15.852624248552832
  ],
  [
   607,
   15.71659087104369,
   15.716164001934015,
   15.71701774439243
  ],
  [
   6041,
   13.504539459747965,
   13.504160621594425,
   13.504918301390308
  ],
  [
   867,
   13.273650014637104,
   13.27325678124355,
   13.27404325110135
  ],
  [
   281,
   12.173222003051517,
   12.172819214313975,
   12.173624794911447
  ],
  [
   262,
   12.05164069018732,
   12.051226213995802,
   12.052055169020313
  ],
  [
   734,
   11.047776870026494,
   11.047369557608226,
   11.048184185654424
  ],
  [
   511,
   11.022761615082985,
   11.02234464416055,
   11.023178588578189
  ],
  [
   617,
   10.952341166953547,
   10.951958403907263,
   10.952723932511399
  ],
  [
   477,
   10.948336123451769,
   10.947924292072397,
   10.948747957000737
  ]
 ],
 "argmax_certified_among_chosen": true
}
runtime 5.0s
