=== interval forward: seq_len=8, precision=192 bits, n_logits=-1 ===
[   0.4s] weights converted
[   0.4s] embed                      max_w 0.000e+00  med_w 0.000e+00
[   0.4s] L0.ln_1                    max_w 6.372e-58  med_w 3.186e-58
[   0.4s] L0.attn(pre-proj)          max_w 2.327e-51  med_w 2.079e-56
[   0.4s] L0.resid+attn              max_w 2.578e-52  med_w 3.154e-56
[   0.5s] L0.ln_2                    max_w 5.302e-51  med_w 9.332e-55
[   0.6s] L0.gelu                    max_w 4.395e-51  med_w 7.583e-55
[   0.7s] L0.resid+mlp  [LAYER 0]    max_w 1.375e-50  med_w 3.648e-54
[   0.7s] L1.ln_1                    max_w 8.342e-49  med_w 1.300e-52
[   0.7s] L1.attn(pre-proj)          max_w 8.409e-48  med_w 1.068e-51
[   0.7s] L1.resid+attn              max_w 3.060e-48  med_w 9.474e-52
[   0.7s] L1.ln_2                    max_w 1.651e-46  med_w 3.212e-50
[   0.9s] L1.gelu                    max_w 8.985e-47  med_w 2.175e-50
[   1.0s] L1.resid+mlp  [LAYER 1]    max_w 2.001e-46  med_w 8.449e-50
[   1.0s] L2.ln_1                    max_w 2.207e-44  med_w 3.426e-48
[   1.0s] L2.attn(pre-proj)          max_w 1.783e-42  med_w 1.941e-46
[   1.0s] L2.resid+attn              max_w 7.159e-43  med_w 2.773e-46
[   1.0s] L2.ln_2                    max_w 5.184e-41  med_w 1.364e-44
[   1.2s] L2.gelu                    max_w 3.186e-41  med_w 9.393e-45
[   1.2s] L2.resid+mlp  [LAYER 2]    max_w 7.612e-41  med_w 3.531e-44
[   1.3s] L3.ln_1                    max_w 1.008e-38  med_w 2.098e-42
[   1.3s] L3.attn(pre-proj)          max_w 5.548e-37  med_w 4.777e-41
[   1.3s] L3.resid+attn              max_w 1.259e-37  med_w 4.598e-41
[   1.3s] L3.ln_2                    max_w 1.466e-35  med_w 4.447e-39
[   1.5s] L3.gelu                    max_w 1.036e-35  med_w 3.233e-39
[   1.6s] L3.resid+mlp  [LAYER 3]    max_w 2.358e-35  med_w 1.161e-38
[   1.6s] L4.ln_1                    max_w 4.708e-33  med_w 1.327e-36
[   1.7s] L4.attn(pre-proj)          max_w 9.885e-32  med_w 1.224e-35
[   1.7s] L4.resid+attn              max_w 1.882e-32  med_w 9.793e-36
[   1.7s] L4.ln_2                    max_w 4.169e-30  med_w 1.323e-33
[   1.8s] L4.gelu                    max_w 2.686e-30  med_w 9.360e-34
[   1.9s] L4.resid+mlp  [LAYER 4]    max_w 5.098e-30  med_w 3.065e-33
[   1.9s] L5.ln_1                    max_w 1.441e-27  med_w 4.315e-31
[   2.0s] L5.attn(pre-proj)          max_w 1.058e-26  med_w 2.551e-30
[   2.0s] L5.resid+attn              max_w 2.858e-27  med_w 2.035e-30
[   2.0s] L5.ln_2                    max_w 6.430e-25  med_w 2.996e-28
[   2.1s] L5.gelu                    max_w 3.732e-25  med_w 1.999e-28
[   2.2s] L5.resid+mlp  [LAYER 5]    max_w 8.454e-25  med_w 6.558e-28
[   2.2s] L6.ln_1                    max_w 1.749e-22  med_w 8.552e-26
[   2.3s] L6.attn(pre-proj)          max_w 3.926e-21  med_w 8.169e-25
[   2.3s] L6.resid+attn              max_w 1.237e-21  med_w 8.587e-25
[   2.3s] L6.ln_2                    max_w 3.227e-19  med_w 1.595e-22
[   2.5s] L6.gelu                    max_w 2.372e-19  med_w 1.123e-22
[   2.5s] L6.resid+mlp  [LAYER 6]    max_w 5.165e-19  med_w 3.946e-22
[   2.5s] L7.ln_1                    max_w 1.250e-16  med_w 6.210e-20
[   2.6s] L7.attn(pre-proj)          max_w 1.662e-15  med_w 5.770e-19
[   2.6s] L7.resid+attn              max_w 6.525e-16  med_w 4.962e-19
[   2.6s] L7.ln_2                    max_w 1.918e-13  med_w 1.222e-16
[   2.8s] L7.gelu                    max_w 1.495e-13  med_w 9.860e-17
[   2.8s] L7.resid+mlp  [LAYER 7]    max_w 4.293e-13  med_w 4.400e-16
[   2.8s] ln_f(last pos)             max_w 1.328e-10  med_w 6.319e-11
[   6.7s] 50257 logits computed
{
 "chosen": "FULL VOCAB (50257)",
 "widths_max": 7.68212861539416e-10,
 "widths_med": 3.3866157246041447e-10,
 "gap_top1_top2": 1.0132480248468134,
 "ratio_maxw_over_gap": 7.581686247605143e-10,
 "top10": [
  [
   2576,
   17.39556082223228,
   17.395560821963365,
   17.3955608225012
  ],
  [
   2933,
   16.382312797385467,
   16.38231279712884,
   16.382312797642097
  ],
  [
   6512,
   13.342419630246285,
   13.342419630013554,
   13.342419630478986
  ],
  [
   44915,
   13.225205910613463,
   13.225205910394134,
   13.225205910832795
  ],
  [
   6842,
   13.105892518967117,
   13.105892518741486,
   13.105892519192754
  ],
  [
   21264,
   12.233295258015394,
   12.23329525780291,
   12.233295258227864
  ],
  [
   22746,
   12.230464662060523,
   12.230464661827853,
   12.23046466229319
  ],
  [
   10211,
   11.908624438289321,
   11.908624438055726,
   11.908624438522933
  ],
  [
   22045,
   11.774325127057029,
   11.774325126839875,
   11.774325127274157
  ],
  [
   5916,
   11.674575481377605,
   11.674575481154742,
   11.674575481600451
  ]
 ],
 "argmax_certified_among_chosen": true
}
runtime 6.8s
