=== E1 prompt sweep: 28 prompts, seq 8, P=192, FULL vocab ===
opener/baseline    CERTIFIED gap  1.0132e+00  maxw 7.682e-10  headroom   30.30 bits  top1 'Ġgirl'        (4.7s)
opener/one-day     CERTIFIED gap  3.0161e+00  maxw 6.338e-07  headroom   22.18 bits  top1 'Ġpark'        (4.7s)
opener/girl-said   CERTIFIED gap  1.2951e+00  maxw 1.886e-10  headroom   32.68 bits  top1 'Ġto'          (4.7s)
opener/tom-lily    CERTIFIED gap  3.4123e+00  maxw 2.411e-09  headroom   30.40 bits  top1 'Ġplay'        (4.6s)
opener/red-ball    CERTIFIED gap  3.1727e-01  maxw 1.626e-05  headroom   14.25 bits  top1 'Ġpark'        (4.7s)
opener/mom-said    CERTIFIED gap  2.3380e+00  maxw 2.839e-09  headroom   29.62 bits  top1 '.'            (4.6s)
opener/sun         CERTIFIED gap  1.7537e+00  maxw 2.989e-03  headroom    9.20 bits  top1 'Ġsinging'     (4.6s)
opener/anna        CERTIFIED gap  1.1266e+00  maxw 3.069e-08  headroom   25.13 bits  top1 '.'            (4.7s)
frag/and-then      CERTIFIED gap  1.1605e-01  maxw 2.015e-11  headroom   32.42 bits  top1 'Ġball'        (4.6s)
frag/because       CERTIFIED gap  5.2181e-01  maxw 1.858e-10  headroom   31.39 bits  top1 'Ġfriends'     (4.6s)
frag/under-tree    CERTIFIED gap  1.1517e+00  maxw 6.925e-09  headroom   27.31 bits  top1 '.'            (4.6s)
frag/said-cat      CERTIFIED gap  2.3051e+00  maxw 5.211e-08  headroom   25.40 bits  top1 '.'            (4.6s)
frag/but-boy       CERTIFIED gap  3.1395e+00  maxw 2.633e-12  headroom   40.12 bits  top1 '.'            (4.7s)
frag/with-friends  CERTIFIED gap  2.4526e+00  maxw 1.793e-12  headroom   40.32 bits  top1 '.'            (4.6s)
degen/the-x8       CERTIFIED gap  1.8701e-01  maxw 6.180e-13  headroom   38.14 bits  top1 'Ġpark'        (4.7s)
degen/comma-x8     CERTIFIED gap  5.4675e-01  maxw 3.413e-12  headroom   37.22 bits  top1 'ĠI'           (4.7s)
degen/eot-x8       CERTIFIED gap  8.1404e-01  maxw 6.597e-13  headroom   40.17 bits  top1 'ĊĊ'           (4.6s)
degen/girl-x8      CERTIFIED gap  6.8270e-01  maxw 1.035e-12  headroom   39.26 bits  top1 ','            (4.6s)
degen/bang-x8      CERTIFIED gap  3.7200e-01  maxw 1.833e-12  headroom   37.56 bits  top1 'Ċ'            (4.6s)
rare/mix-1         CERTIFIED gap  3.5880e-01  maxw 3.228e-05  headroom   13.44 bits  top1 'ose'          (4.6s)
rare/mix-2         CERTIFIED gap  1.6151e+00  maxw 3.146e-03  headroom    9.00 bits  top1 '.'            (4.6s)
rare/alt-common    CERTIFIED gap  1.0747e+00  maxw 2.810e-02  headroom    5.26 bits  top1 'Ġhad'         (5.2s)
rare/high-ids      ABSTAIN   gap  9.0306e-01  maxw 2.365e+04  headroom  -14.68 bits  top1 ','            (4.7s)
misc/digits        CERTIFIED gap  3.4194e-01  maxw 1.838e-08  headroom   24.15 bits  top1 'Ġfive'        (4.7s)
misc/caps          CERTIFIED gap  4.5115e-01  maxw 4.318e-05  headroom   13.35 bits  top1 ','            (4.6s)
misc/they-found    CERTIFIED gap  2.6416e+00  maxw 7.952e-10  headroom   31.63 bits  top1 '.'            (4.7s)
misc/please-help   CERTIFIED gap  1.7043e+00  maxw 2.367e-07  headroom   22.78 bits  top1 '.'            (4.6s)
misc/punct-heavy   CERTIFIED gap  5.0642e-01  maxw 2.998e-08  headroom   24.01 bits  top1 'Ċ'            (4.7s)
--- seq-16 baseline prompt, FULL vocab ---
seq16/baseline-fullvocab   CERTIFIED gap 1.3560e-01  maxw 1.404e-03  headroom 6.59 bits

=== E1 quantile table (28 seq-8 prompts, headroom bits = log2(gap/max_width)) ===
  n_prompts                28
  n_certified              27
  n_abstained              1
  headroom_bits_min        -14.677
  headroom_bits_p10        9.139
  headroom_bits_median     28.463
  headroom_bits_p90        39.519
  headroom_bits_max        40.315
  max_logit_width_min      0.000
  max_logit_width_max      23650.860
  total_guard_hits         0

total sweep time 138s
wrote sweep_results.json
